glowman@GregsLaptop:~/lab-2-shell-scripting-version-control-GregLowman$ git checkout -b feature-branch-rebase
Switched to a new branch 'feature-branch-rebase'
glowman@GregsLaptop:~/lab-2-shell-scripting-version-control-GregLowman$ ls
README.md            git_helper.sh               git_pull_request.png
docker-compose.yaml  git_merge_conflict.txt.txt  main.cpp
glowman@GregsLaptop:~/lab-2-shell-scripting-version-control-GregLowman$ make -f [file1.txt]
Command 'make' not found, but can be installed with:
sudo apt install make
glowman@GregsLaptop:~/lab-2-shell-scripting-version-control-GregLowman$ touch "file1.txt"
glowman@GregsLaptop:~/lab-2-shell-scripting-version-control-GregLowman$ rm file1.txt
glowman@GregsLaptop:~/lab-2-shell-scripting-version-control-GregLowman$ checkout main
checkout: command not found
glowman@GregsLaptop:~/lab-2-shell-scripting-version-control-GregLowman$ checkout "main"
checkout: command not found
glowman@GregsLaptop:~/lab-2-shell-scripting-version-control-GregLowman$ git checkout main
error: Your local changes to the following files would be overwritten by checkout:
        main.cpp
Please commit your changes or stash them before you switch branches.
Aborting
glowman@GregsLaptop:~/lab-2-shell-scripting-version-control-GregLowman$ ./git_helper
-bash: ./git_helper: No such file or directory
glowman@GregsLaptop:~/lab-2-shell-scripting-version-control-GregLowman$ ./git_helper.sh
On branch feature-branch-rebase
Changes to be committed:
  (use "git restore --staged <file>..." to unstage)
        modified:   main.cpp

Nothing specified, nothing added.
hint: Maybe you wanted to say 'git add .'?
hint: Turn this message off by running
hint: "git config advice.addEmptyPathspec false"
Enter files to stage: main
fatal: pathspec 'main' did not match any files
Enter commit message:
Aborting commit due to empty commit message.
There is no tracking information for the current branch.
Please specify which branch you want to merge with.
See git-pull(1) for details.

    git pull <remote> <branch>

If you wish to set tracking information for this branch you can do so with:

    git branch --set-upstream-to=origin/<branch> feature-branch-rebase

fatal: The current branch feature-branch-rebase has no upstream branch.
To push the current branch and set the remote as upstream, use

    git push --set-upstream origin feature-branch-rebase

To have this happen automatically for branches without a tracking
upstream, see 'push.autoSetupRemote' in 'git help config'.

glowman@GregsLaptop:~/lab-2-shell-scripting-version-control-GregLowman$
glowman@GregsLaptop:~/lab-2-shell-scripting-version-control-GregLowman$ ./git_helper
-bash: ./git_helper: No such file or directory
glowman@GregsLaptop:~/lab-2-shell-scripting-version-control-GregLowman$ ./git_helper.sh
On branch feature-branch-rebase
Changes to be committed:
  (use "git restore --staged <file>..." to unstage)
        modified:   main.cpp

Nothing specified, nothing added.
hint: Maybe you wanted to say 'git add .'?
hint: Turn this message off by running
hint: "git config advice.addEmptyPathspec false"
Enter files to stage:
Enter commit message: fix
[feature-branch-rebase b9f53c6] fix
 1 file changed, 4 deletions(-)
There is no tracking information for the current branch.
Please specify which branch you want to merge with.
See git-pull(1) for details.

    git pull <remote> <branch>

If you wish to set tracking information for this branch you can do so with:

    git branch --set-upstream-to=origin/<branch> feature-branch-rebase

fatal: The current branch feature-branch-rebase has no upstream branch.
To push the current branch and set the remote as upstream, use

    git push --set-upstream origin feature-branch-rebase

To have this happen automatically for branches without a tracking
upstream, see 'push.autoSetupRemote' in 'git help config'.

glowman@GregsLaptop:~/lab-2-shell-scripting-version-control-GregLowman$ git chekckout main
git: 'chekckout' is not a git command. See 'git --help'.

The most similar command is
        checkout
glowman@GregsLaptop:~/lab-2-shell-scripting-version-control-GregLowman$ git checkout main
Switched to branch 'main'
Your branch is behind 'origin/main' by 3 commits, and can be fast-forwarded.
  (use "git pull" to update your local branch)
glowman@GregsLaptop:~/lab-2-shell-scripting-version-control-GregLowman$ touch file1.txt
glowman@GregsLaptop:~/lab-2-shell-scripting-version-control-GregLowman$ git checkout feature-branch-rebase
Switched to branch 'feature-branch-rebase'
glowman@GregsLaptop:~/lab-2-shell-scripting-version-control-GregLowman$ git log --oneline --graph
* b9f53c6 (HEAD -> feature-branch-rebase) fix
* 84c395b (origin/My_Branch, My_Branch) "Testing Commit"
*   682074d Mergin changes with return value 1
|\
| * 7ef5bce (main) Version - main 2
* | 01996b7 (Greg's_Branch) Version - Greg : 1
|/
* ba93c2b updated README.md with team details
* c937234 Initial commit
glowman@GregsLaptop:~/lab-2-shell-scripting-version-control-GregLowman$ git rebase main
Auto-merging main.cpp
CONFLICT (content): Merge conflict in main.cpp
error: could not apply 01996b7... Version - Greg : 1
hint: Resolve all conflicts manually, mark them as resolved with
hint: "git add/rm <conflicted_files>", then run "git rebase --continue".
hint: You can instead skip this commit: run "git rebase --skip".
hint: To abort and get back to the state before "git rebase", run "git rebase --abort".
Could not apply 01996b7... Version - Greg : 1
glowman@GregsLaptop:~/lab-2-shell-scripting-version-control-GregLowman$ git log --oneline -- graph
glowman@GregsLaptop:~/lab-2-shell-scripting-version-control-GregLowman$








Question 1
	Im not entirely sure what changed outside of adding my commits to a different branch similar to importing history 
Question 2
	Rebase is different from merge because merge creates a copy of the merged branches
	