glowman@GregsLaptop:~/lab-2-shell-scripting-version-control-GregLowman$ git add README.md
glowman@GregsLaptop:~/lab-2-shell-scripting-version-control-GregLowman$ git commit -m "updated text in README.md for stash activity"
[bugfix-branch-stash c1e4734] updated text in README.md for stash activity
 1 file changed, 1 insertion(+)
 create mode 100644 README.md
glowman@GregsLaptop:~/lab-2-shell-scripting-version-control-GregLowman$ git checkout main
Switched to branch 'main'
Your branch is ahead of 'origin/main' by 1 commit.
  (use "git push" to publish your local commits)
glowman@GregsLaptop:~/lab-2-shell-scripting-version-control-GregLowman$ git add README.md
glowman@GregsLaptop:~/lab-2-shell-scripting-version-control-GregLowman$ git commit -m "updated text in README.md for stash activity"
[main 917fe8e] updated text in README.md for stash activity
 1 file changed, 1 insertion(+), 1 deletion(-)
glowman@GregsLaptop:~/lab-2-shell-scripting-version-control-GregLowman$ git checkout bugfix-branch-stash
Switched to branch 'bugfix-branch-stash'
Your branch is ahead of 'origin/bugfix-branch-stash' by 1 commit.
  (use "git push" to publish your local commits)
glowman@GregsLaptop:~/lab-2-shell-scripting-version-control-GregLowman$ git checkout main
Switched to branch 'main'
Your branch is ahead of 'origin/main' by 2 commits.
  (use "git push" to publish your local commits)
glowman@GregsLaptop:~/lab-2-shell-scripting-version-control-GregLowman$ git checkout bugfix-branch-stash
error: Your local changes to the following files would be overwritten by checkout:
        README.md
Please commit your changes or stash them before you switch branches.
Aborting
glowman@GregsLaptop:~/lab-2-shell-scripting-version-control-GregLowman$ git stash
Saved working directory and index state WIP on main: 917fe8e updated text in README.md for stash activity
glowman@GregsLaptop:~/lab-2-shell-scripting-version-control-GregLowman$ git stash list
stash@{0}: WIP on main: 917fe8e updated text in README.md for stash activity
glowman@GregsLaptop:~/lab-2-shell-scripting-version-control-GregLowman$ git checkout bugfix-branch-stash
Switched to branch 'bugfix-branch-stash'
Your branch is ahead of 'origin/bugfix-branch-stash' by 1 commit.
  (use "git push" to publish your local commits)
glowman@GregsLaptop:~/lab-2-shell-scripting-version-control-GregLowman$ git checkout main
Switched to branch 'main'
Your branch is ahead of 'origin/main' by 2 commits.
  (use "git push" to publish your local commits)
glowman@GregsLaptop:~/lab-2-shell-scripting-version-control-GregLowman$ git stach pop
git: 'stach' is not a git command. See 'git --help'.

The most similar command is
        stash
glowman@GregsLaptop:~/lab-2-shell-scripting-version-control-GregLowman$ git stash pop
On branch main
Your branch is ahead of 'origin/main' by 2 commits.
  (use "git push" to publish your local commits)

Changes not staged for commit:
  (use "git add <file>..." to update what will be committed)
  (use "git restore <file>..." to discard changes in working directory)
        modified:   README.md

no changes added to commit (use "git add" and/or "git commit -a")
Dropped refs/stash@{0} (09d25e7701c416bf8a9c88569dfb1b681f5ad7b5)
glowman@GregsLaptop:~/lab-2-shell-scripting-version-control-GregLowman$




Question 1
	I was not able to make the switch, it raised an error
Question 2
	git stash apply will allow you to make changes while keeping the file in the stash, git stash pop will remove it from the stash when making the changes 
